import time: self [us] | cumulative | imported package
import time:       309 |        309 |   _io
import time:        49 |         49 |   marshal
import time:       281 |        281 |   posix
import time:       364 |       1000 | _frozen_importlib_external
import time:       537 |        537 |   time
import time:       140 |        676 | zipimport
import time:       353 |        353 |     _codecs
import time:       335 |        687 |   codecs
import time:      1136 |       1136 |   encodings.aliases
import time:      1879 |       3701 | encodings
import time:      1492 |       1492 | encodings.utf_8
import time:       958 |        958 | _signal
import time:        70 |         70 |     _abc
import time:       197 |        266 |   abc
import time:       213 |        479 | io
import time:        76 |         76 |       _stat
import time:        88 |        164 |     stat
import time:       908 |        908 |     _collections_abc
import time:        70 |         70 |       genericpath
import time:        90 |        160 |     posixpath
import time:       348 |       1579 |   os
import time:        90 |         90 |   _sitebuiltins
import time:       361 |        361 |   encodings.utf_8_sig
import time:       825 |        825 |   sitecustomize
import time:      1060 |       3913 | site
import time:       558 |        558 |       warnings
import time:       399 |        957 |     importlib
import time:       805 |        805 |           types
import time:       288 |        288 |             _operator
import time:       821 |       1108 |           operator
import time:       223 |        223 |               itertools
import time:       409 |        409 |               keyword
import time:       442 |        442 |               reprlib
import time:       113 |        113 |               _collections
import time:      3272 |       4456 |             collections
import time:        93 |         93 |             _functools
import time:      1205 |       5753 |           functools
import time:      2028 |       9692 |         enum
import time:       286 |        286 |           numpy._utils._convertions
import time:       269 |        554 |         numpy._utils
import time:       572 |      10817 |       numpy._globals
import time:       298 |        298 |       numpy._expired_attrs_2_0
import time:       177 |        177 |       numpy.version
import time:        54 |         54 |         numpy._distributor_init_local
import time:       210 |        263 |       numpy._distributor_init
import time:       367 |        367 |                 numpy._utils._inspect
import time:       613 |        613 |                     _datetime
import time:       543 |       1155 |                   datetime
import time:       667 |        667 |                   math
import time:       342 |        342 |                   numpy.exceptions
import time:      2052 |       2052 |                   numpy._core._exceptions
import time:       465 |        465 |                       _contextvars
import time:       302 |        766 |                     contextvars
import time:       243 |       1009 |                   numpy._core.printoptions
import time:       324 |        324 |                   numpy.dtypes
import time:     10171 |      15717 |                 numpy._core._multiarray_umath
import time:       438 |      16521 |               numpy._core.overrides
import time:       825 |      17345 |             numpy._core.multiarray
import time:       364 |        364 |             numpy._core.umath
import time:       745 |        745 |               numbers
import time:      1493 |       1493 |               numpy._core._string_helpers
import time:       421 |        421 |               numpy._core._type_aliases
import time:       296 |        296 |               numpy._core._dtype
import time:       744 |       3697 |             numpy._core.numerictypes
import time:       371 |        371 |                       copyreg
import time:      1249 |       1249 |                         _struct
import time:       390 |       1639 |                       struct
import time:        91 |         91 |                           _sre
import time:       433 |        433 |                             re._constants
import time:       635 |       1068 |                           re._parser
import time:       335 |        335 |                           re._casefix
import time:      1014 |       2507 |                         re._compiler
import time:      1648 |       4154 |                       re
import time:       494 |        494 |                       _compat_pickle
import time:       677 |        677 |                       _pickle
import time:      1286 |       8618 |                     pickle
import time:       944 |        944 |                     contextlib
import time:       345 |       9906 |                   numpy._core._methods
import time:      1229 |      11135 |                 numpy._core.fromnumeric
import time:       564 |      11698 |               numpy._core.shape_base
import time:       351 |        351 |               numpy._core._ufunc_config
import time:       856 |        856 |               numpy._core.arrayprint
import time:       216 |        216 |               numpy._core._asarray
import time:      2148 |      15268 |             numpy._core.numeric
import time:       575 |        575 |             numpy._core.records
import time:       326 |        326 |             numpy._core.memmap
import time:       479 |        479 |             numpy._core.function_base
import time:       238 |        238 |             numpy._core._machar
import time:       420 |        420 |             numpy._core.getlimits
import time:       369 |        369 |             numpy._core.einsumfunc
import time:      1919 |       1919 |             numpy._core._add_newdocs
import time:       538 |        538 |             numpy._core._add_newdocs_scalars
import time:      2087 |       2087 |             numpy._core._dtype_ctypes
import time:      1728 |       1728 |                 _ast
import time:      1513 |       3240 |               ast
import time:      1029 |       1029 |                 _ctypes
import time:       517 |        517 |                 ctypes._endian
import time:      1289 |       2834 |               ctypes
import time:      1027 |       7100 |             numpy._core._internal
import time:       231 |        231 |             numpy._pytesttester
import time:      1005 |      51953 |           numpy._core
import time:        44 |      51996 |         numpy._core._multiarray_umath
import time:       403 |      52399 |       numpy.__config__
import time:       175 |        175 |           numpy.lib._array_utils_impl
import time:       350 |        525 |         numpy.lib.array_utils
import time:       180 |        180 |         numpy.lib.introspect
import time:      2210 |       2210 |         numpy.lib.mixins
import time:       400 |        400 |               _weakrefset
import time:       671 |       1070 |             weakref
import time:       346 |        346 |             collections.abc
import time:      2577 |       2577 |                 textwrap
import time:       156 |        156 |                   _wmi
import time:       844 |       1000 |                 platform
import time:       375 |       3951 |               numpy.lib._utils_impl
import time:       350 |       4300 |             numpy.lib.format
import time:       337 |        337 |             numpy.lib._datasource
import time:       614 |        614 |             numpy.lib._iotools
import time:       821 |       7486 |           numpy.lib._npyio_impl
import time:       234 |       7719 |         numpy.lib.npyio
import time:       227 |        227 |               numpy.lib._ufunclike_impl
import time:       442 |        669 |             numpy.lib._type_check_impl
import time:       529 |       1198 |           numpy.lib._scimath_impl
import time:       238 |       1435 |         numpy.lib.scimath
import time:       324 |        324 |           numpy.lib._stride_tricks_impl
import time:       186 |        510 |         numpy.lib.stride_tricks
import time:       263 |        263 |                 numpy.linalg.linalg
import time:        48 |         48 |                     _typing
import time:      3570 |       3618 |                   typing
import time:       550 |        550 |                   numpy.lib._twodim_base_impl
import time:      1036 |       1036 |                   numpy.linalg._umath_linalg
import time:       353 |        353 |                     __future__
import time:       419 |        419 |                     numpy._typing._nested_sequence
import time:       552 |        552 |                     numpy._typing._nbit_base
import time:       314 |        314 |                     numpy._typing._nbit
import time:      3518 |       3518 |                     numpy._typing._char_codes
import time:       253 |        253 |                     numpy._typing._scalars
import time:       292 |        292 |                     numpy._typing._shape
import time:      3933 |       3933 |                     numpy._typing._dtype_like
import time:      2896 |       2896 |                     numpy._typing._array_like
import time:       261 |        261 |                     numpy._typing._ufunc
import time:       522 |      13307 |                   numpy._typing
import time:      2128 |      20637 |                 numpy.linalg._linalg
import time:       604 |      21502 |               numpy.linalg
import time:       531 |      22033 |             numpy.matrixlib.defmatrix
import time:       229 |      22261 |           numpy.matrixlib
import time:       379 |        379 |             numpy.lib._histograms_impl
import time:      1413 |       1792 |           numpy.lib._function_base_impl
import time:       575 |      24627 |         numpy.lib._index_tricks_impl
import time:       602 |        602 |         numpy.lib._nanfunctions_impl
import time:       519 |        519 |         numpy.lib._shape_base_impl
import time:      1113 |       1113 |         numpy.lib._arraysetops_impl
import time:      1822 |       1822 |         numpy.lib._polynomial_impl
import time:       254 |        254 |         numpy.lib._arrayterator_impl
import time:       330 |        330 |         numpy.lib._arraypad_impl
import time:       218 |        218 |         numpy.lib._version
import time:       894 |      42952 |       numpy.lib
import time:       227 |        227 |       numpy._array_api_info
import time:      3170 |     110301 |     numpy
import time:       550 |        550 |     scipy.__config__
import time:       171 |        171 |     scipy.version
import time:        54 |         54 |       scipy._distributor_init_local
import time:       195 |        248 |     scipy._distributor_init
import time:       556 |        556 |               _opcode
import time:       696 |       1252 |             opcode
import time:      1127 |       2378 |           dis
import time:       145 |        145 |           importlib.machinery
import time:       369 |        369 |               token
import time:        53 |         53 |               _tokenize
import time:      1250 |       1671 |             tokenize
import time:       420 |       2091 |           linecache
import time:      3562 |       8175 |         inspect
import time:       383 |        383 |           fnmatch
import time:        71 |         71 |           errno
import time:      1821 |       1821 |           zlib
import time:       400 |        400 |             _compression
import time:       737 |        737 |             _bz2
import time:       563 |       1698 |           bz2
import time:       953 |        953 |             _lzma
import time:       428 |       1380 |           lzma
import time:      1136 |       6487 |         shutil
import time:        94 |         94 |             _locale
import time:      1077 |       1170 |           locale
import time:       771 |        771 |           signal
import time:       895 |        895 |           threading
import time:       522 |        522 |           fcntl
import time:       202 |        202 |           msvcrt
import time:       654 |        654 |           _posixsubprocess
import time:       679 |        679 |           select
import time:       949 |        949 |           selectors
import time:      1120 |       6958 |         subprocess
import time:       787 |        787 |         sysconfig
import time:       368 |        368 |           importlib._abc
import time:       156 |        523 |         importlib.util
import time:       139 |        139 |         cython
import time:      1113 |       1113 |         _sysconfigdata__darwin_darwin
import time:       384 |        384 |         _osx_support
import time:      1350 |      25912 |       scipy._lib._testutils
import time:       186 |      26098 |     scipy._lib
import time:      3152 |       3152 |     scipy._lib._pep440
import time:       742 |        742 |         scipy._cyutility
import time:       821 |       1562 |       scipy._lib._ccallback_c
import time:       357 |       1918 |     scipy._lib._ccallback
import time:       694 |     144084 |   scipy
import time:       381 |        381 |         copy
import time:       991 |       1371 |       dataclasses
import time:       631 |        631 |         numpy._typing._add_docstring
import time:       224 |        855 |       numpy.typing
import time:      1168 |       1168 |             scipy._lib.array_api_compat.common._typing
import time:       637 |       1804 |           scipy._lib.array_api_compat.common._helpers
import time:       288 |       2092 |         scipy._lib.array_api_compat.common
import time:       213 |       2305 |       scipy._lib.array_api_compat
import time:       224 |        224 |         scipy._lib.array_api_compat._internal
import time:       836 |        836 |               numpy.random._common
import time:       674 |        674 |                   binascii
import time:       455 |       1129 |                 base64
import time:      5167 |       5167 |                   _hashlib
import time:       655 |        655 |                     _blake2
import time:       499 |       1153 |                   hashlib
import time:       463 |       6782 |                 hmac
import time:       533 |        533 |                     _bisect
import time:       377 |        909 |                   bisect
import time:       537 |        537 |                   _random
import time:       560 |        560 |                   _sha2
import time:       760 |       2765 |                 random
import time:       358 |      11032 |               secrets
import time:       929 |      12796 |             numpy.random.bit_generator
import time:       649 |        649 |               numpy.random._bounded_integers
import time:       655 |        655 |               numpy.random._mt19937
import time:      1576 |       2878 |             numpy.random.mtrand
import time:       780 |        780 |             numpy.random._philox
import time:       688 |        688 |             numpy.random._pcg64
import time:       641 |        641 |             numpy.random._sfc64
import time:      1430 |       1430 |             numpy.random._generator
import time:       875 |      20085 |           numpy.random._pickle
import time:       326 |      20410 |         numpy.random
import time:       412 |        412 |               numpy._core.strings
import time:       270 |        682 |             numpy.strings
import time:       829 |       1511 |           numpy._core.defchararray
import time:       232 |       1742 |         numpy.char
import time:       831 |        831 |             numpy.polynomial.polyutils
import time:       727 |        727 |             numpy.polynomial._polybase
import time:      1184 |       2741 |           numpy.polynomial.polynomial
import time:       451 |        451 |           numpy.polynomial.chebyshev
import time:       400 |        400 |           numpy.polynomial.legendre
import time:      1216 |       1216 |           numpy.polynomial.hermite
import time:       420 |        420 |           numpy.polynomial.hermite_e
import time:       396 |        396 |           numpy.polynomial.laguerre
import time:       338 |       5959 |         numpy.polynomial
import time:       457 |        457 |         numpy.ctypeslib
import time:       294 |        294 |           numpy.core._utils
import time:       221 |        514 |         numpy.core
import time:       984 |        984 |               traceback
import time:       420 |        420 |               unittest.util
import time:       504 |       1907 |             unittest.result
import time:       582 |        582 |                   _heapq
import time:       417 |        999 |                 heapq
import time:      1234 |       2232 |               difflib
import time:       555 |        555 |               pprint
import time:      1023 |       3809 |             unittest.case
import time:       469 |        469 |             unittest.suite
import time:       768 |        768 |             unittest.loader
import time:      1023 |       1023 |                 gettext
import time:      1221 |       2244 |               argparse
import time:       497 |        497 |                 unittest.signals
import time:      1465 |       1962 |               unittest.runner
import time:       412 |       4616 |             unittest.main
import time:       407 |      11973 |           unittest
import time:       286 |        286 |           numpy.testing._private
import time:       133 |        133 |                 _winapi
import time:       120 |        120 |                 nt
import time:       143 |        143 |                 nt
import time:       112 |        112 |                 nt
import time:       110 |        110 |                 nt
import time:       110 |        110 |                 nt
import time:       109 |        109 |                 nt
import time:       170 |       1004 |               ntpath
import time:       255 |        255 |                 urllib
import time:      1750 |       1750 |                 ipaddress
import time:      1372 |       3377 |               urllib.parse
import time:       990 |       5370 |             pathlib
import time:        61 |         61 |             gc
import time:       705 |        705 |             tempfile
import time:       281 |        281 |               concurrent
import time:        51 |         51 |                     _string
import time:       920 |        970 |                   string
import time:        46 |         46 |                   atexit
import time:      2359 |       3375 |                 logging
import time:       812 |       4186 |               concurrent.futures._base
import time:       459 |       4925 |             concurrent.futures
import time:       675 |        675 |                 _csv
import time:       627 |       1301 |               csv
import time:       328 |        328 |               email
import time:       335 |        335 |                   zipfile._path.glob
import time:       652 |        986 |                 zipfile._path
import time:      2534 |       3519 |               zipfile
import time:       343 |        343 |                   quopri
import time:      1027 |       1027 |                       _socket
import time:       687 |        687 |                       array
import time:      2301 |       4015 |                     socket
import time:      1314 |       1314 |                       calendar
import time:       461 |       1775 |                     email._parseaddr
import time:       592 |        592 |                       email.base64mime
import time:       542 |        542 |                       email.quoprimime
import time:       786 |        786 |                       email.errors
import time:       427 |        427 |                       email.encoders
import time:       548 |       2892 |                     email.charset
import time:       664 |       9343 |                   email.utils
import time:       874 |        874 |                     email.header
import time:       488 |       1361 |                   email._policybase
import time:       423 |        423 |                   email._encoded_words
import time:       263 |        263 |                   email.iterators
import time:       865 |      12595 |                 email.message
import time:      1136 |       1136 |                   importlib.metadata._functools
import time:       327 |       1462 |                 importlib.metadata._text
import time:       475 |      14530 |               importlib.metadata._adapters
import time:       689 |        689 |               importlib.metadata._meta
import time:       433 |        433 |               importlib.metadata._collections
import time:       260 |        260 |               importlib.metadata._itertools
import time:       593 |        593 |                     importlib.resources.abc
import time:       484 |        484 |                     importlib.resources._adapters
import time:       604 |       1680 |                   importlib.resources._common
import time:       468 |        468 |                   importlib.resources._legacy
import time:       304 |       2452 |                 importlib.resources
import time:       726 |       3177 |               importlib.abc
import time:      1609 |      25843 |             importlib.metadata
import time:       125 |        125 |               numpy._core.tests
import time:       458 |        583 |             numpy._core.tests._natype
import time:       696 |        696 |                   _json
import time:       746 |       1442 |                 json.scanner
import time:       892 |       2334 |               json.decoder
import time:       802 |        802 |               json.encoder
import time:       411 |       3545 |             json
import time:      2910 |      43939 |           numpy.testing._private.utils
import time:       261 |        261 |           numpy.testing._private.extbuild
import time:       179 |        179 |           numpy.testing.overrides
import time:       321 |      56957 |         numpy.testing
import time:     45931 |      45931 |           numpy.ma.core
import time:      2100 |       2100 |           numpy.ma.extras
import time:       444 |      48473 |         numpy.ma
import time:       755 |        755 |               fileinput
import time:       997 |        997 |                     81d243bd2c585b0f4821__mypyc
import time:      1774 |       1774 |                     charset_normalizer.constant
import time:       902 |        902 |                       unicodedata
import time:       859 |        859 |                       _multibytecodec
import time:       625 |       2386 |                     charset_normalizer.utils
import time:       549 |        549 |                     charset_normalizer.models
import time:      1167 |       6870 |                   charset_normalizer.cd
import time:       743 |        743 |                   _codecs_tw
import time:      1565 |       1565 |                   _codecs_hk
import time:       780 |        780 |                   _codecs_jp
import time:       886 |        886 |                   _codecs_kr
import time:       898 |        898 |                   _codecs_cn
import time:       851 |        851 |                   _codecs_iso2022
import time:     54113 |      66702 |                 charset_normalizer.api
import time:       267 |        267 |                 charset_normalizer.legacy
import time:       172 |        172 |                 charset_normalizer.version
import time:      1735 |      68874 |               charset_normalizer
import time:       160 |        160 |               numpy.f2py.__version__
import time:       414 |        414 |                 numpy.f2py.cfuncs
import time:       905 |       1319 |               numpy.f2py.auxfuncs
import time:      1495 |       1495 |               numpy.f2py.symbolic
import time:     15559 |      88159 |             numpy.f2py.crackfortran
import time:      2332 |       2332 |                 numpy.f2py.cb_rules
import time:       234 |        234 |                 numpy.f2py._isocbind
import time:       826 |       3391 |               numpy.f2py.capi_maps
import time:       234 |        234 |                 numpy.f2py.func2subr
import time:       263 |        497 |               numpy.f2py.common_rules
import time:       189 |        189 |               numpy.f2py.use_rules
import time:       281 |        281 |               numpy.f2py.f90mod_rules
import time:      7763 |      12119 |             numpy.f2py.rules
import time:       213 |        213 |             numpy.f2py._backends
import time:      1693 |     102182 |           numpy.f2py.f2py2e
import time:       195 |        195 |           numpy.f2py.diagnose
import time:       698 |     103074 |         numpy.f2py
import time:       184 |        184 |         numpy.rec
import time:       695 |        695 |             numpy.fft._pocketfft_umath
import time:      1207 |       1901 |           numpy.fft._pocketfft
import time:       497 |        497 |           numpy.fft._helper
import time:       176 |        176 |           numpy.fft.helper
import time:       315 |       2888 |         numpy.fft
import time:      1065 |       1065 |           scipy._lib.array_api_compat.common._aliases
import time:       213 |        213 |           scipy._lib.array_api_compat.numpy._typing
import time:      1872 |       3149 |         scipy._lib.array_api_compat.numpy._aliases
import time:       311 |        311 |         scipy._lib.array_api_compat.numpy._info
import time:      1005 |       1005 |           scipy._lib.array_api_compat.common._linalg
import time:       780 |       1785 |         scipy._lib.array_api_compat.numpy.linalg
import time:       256 |        256 |           scipy._lib.array_api_compat.common._fft
import time:       893 |       1148 |         scipy._lib.array_api_compat.numpy.fft
import time:      1319 |     248585 |       scipy._lib.array_api_compat.numpy
import time:       187 |        187 |             scipy._lib.array_api_extra._lib
import time:       192 |        192 |                 scipy._lib.array_api_extra._lib._utils
import time:       265 |        265 |                       scipy._lib._sparse
import time:       529 |        794 |                     scipy._lib._array_api_override
import time:       193 |        987 |                   scipy._lib._array_api_compat_vendor
import time:       289 |       1275 |                 scipy._lib.array_api_extra._lib._utils._compat
import time:       227 |        227 |                   scipy._lib.array_api_extra._lib._utils._typing
import time:       472 |        698 |                 scipy._lib.array_api_extra._lib._utils._helpers
import time:       727 |       2889 |               scipy._lib.array_api_extra._lib._at
import time:      1513 |       4402 |             scipy._lib.array_api_extra._lib._funcs
import time:       469 |       5058 |           scipy._lib.array_api_extra._delegation
import time:       387 |        387 |           scipy._lib.array_api_extra._lib._lazy
import time:       259 |       5702 |         scipy._lib.array_api_extra
import time:       450 |       6152 |       scipy._lib.array_api_extra.testing
import time:      1372 |       1372 |           pkgutil
import time:      1900 |       3271 |         pydoc
import time:      1656 |       4927 |       scipy._lib._docscrape
import time:      1172 |     265365 |     scipy._lib._array_api
import time:       633 |        633 |       scipy.signal._sigtools
import time:       311 |        311 |           scipy._lib.doccer
import time:      3306 |       3306 |               scipy.linalg._fblas
import time:        68 |         68 |               scipy.linalg._cblas
import time:       473 |       3846 |             scipy.linalg.blas
import time:      2936 |       2936 |               scipy.linalg._flapack
import time:        65 |         65 |               scipy.linalg._clapack
import time:      1201 |       4201 |             scipy.linalg.lapack
import time:       410 |       8457 |           scipy.linalg._misc
import time:      3566 |       3566 |             scipy.linalg.cython_lapack
import time:      2066 |       2066 |             scipy._lib._util
import time:      2385 |       8015 |           scipy.linalg._cythonized_array_utils
import time:      5968 |       5968 |             scipy.linalg._decomp
import time:      2533 |       2533 |             scipy.linalg._decomp_svd
import time:       865 |        865 |             scipy.linalg._solve_toeplitz
import time:      1784 |       1784 |             scipy.linalg._batched_linalg
import time:      4666 |      15815 |           scipy.linalg._basic
import time:       818 |        818 |             scipy.linalg._decomp_lu_cython
import time:       852 |       1670 |           scipy.linalg._decomp_lu
import time:       907 |        907 |           scipy.linalg._decomp_ldl
import time:      1796 |       1796 |           scipy.linalg._decomp_cholesky
import time:      2003 |       2003 |           scipy.linalg._decomp_qr
import time:      1678 |       1678 |           scipy.linalg._decomp_qz
import time:      1327 |       1327 |           scipy.linalg._decomp_schur
import time:       608 |        608 |           scipy.linalg._decomp_polar
import time:       294 |        294 |             scipy._lib.deprecation
import time:      1043 |       1043 |             scipy.linalg._expm_frechet
import time:      1556 |       1556 |             scipy.linalg._matfuncs_schur_sqrtm
import time:       762 |        762 |             scipy.linalg._matfuncs_expm
import time:       784 |        784 |             scipy.linalg._linalg_pythran
import time:      3571 |       8007 |           scipy.linalg._matfuncs
import time:      1682 |       1682 |           scipy.linalg._special_matrices
import time:      1481 |       1481 |           scipy.linalg._solvers
import time:      1943 |       1943 |           scipy.linalg._procrustes
import time:      1046 |       1046 |             scipy.linalg.cython_blas
import time:      3104 |       4150 |           scipy.linalg._decomp_update
import time:      3151 |       3151 |           scipy.linalg._sketches
import time:       372 |        372 |           scipy.linalg._decomp_cossin
import time:       180 |        180 |           scipy.linalg.decomp
import time:       171 |        171 |           scipy.linalg.decomp_cholesky
import time:       159 |        159 |           scipy.linalg.decomp_lu
import time:       168 |        168 |           scipy.linalg.decomp_qr
import time:       157 |        157 |           scipy.linalg.decomp_svd
import time:       242 |        242 |           scipy.linalg.decomp_schur
import time:       192 |        192 |           scipy.linalg.basic
import time:       168 |        168 |           scipy.linalg.misc
import time:       164 |        164 |           scipy.linalg.special_matrices
import time:       162 |        162 |           scipy.linalg.matfuncs
import time:       357 |        357 |           scipy.special._sf_error
import time:      1258 |       1258 |             scipy.special._ufuncs_cxx
import time:       867 |        867 |             scipy.special._ellip_harm_2
import time:      2024 |       2024 |             scipy.special._special_ufuncs
import time:      1252 |       1252 |             scipy.special._gufuncs
import time:      2209 |       7608 |           scipy.special._ufuncs
import time:       180 |        180 |             scipy.special._input_validation
import time:      1163 |       1163 |             scipy.special._specfun
import time:       784 |        784 |             scipy.special._comb
import time:       688 |       2813 |           scipy.special._basic
import time:       189 |        189 |             scipy.special._spfun_stats
import time:     46350 |      46538 |           scipy.special._support_alternative_backends
import time:      1776 |       1776 |           scipy.special._logsumexp
import time:       511 |        511 |           scipy.special._multiufuncs
import time:       583 |        583 |           scipy.special._orthogonal
import time:       240 |        240 |           scipy.special._ellip_harm
import time:       176 |        176 |           scipy.special._lambertw
import time:       237 |        237 |           scipy.special._spherical_bessel
import time:       175 |        175 |           scipy.special.add_newdocs
import time:       182 |        182 |           scipy.special.basic
import time:      1314 |       1314 |           scipy.special.orthogonal
import time:       248 |        248 |           scipy.special.specfun
import time:       214 |        214 |           scipy.special.sf_error
import time:      1263 |       1263 |           scipy.special.spfun_stats
import time:       169 |        169 |               uarray
import time:       929 |        929 |                   scipy._lib._uarray._uarray
import time:       762 |       1691 |                 scipy._lib._uarray._backend
import time:       309 |       1999 |               scipy._lib._uarray
import time:       240 |       2408 |             scipy._lib.uarray
import time:     14644 |      17051 |           scipy.fft._basic
import time:      5538 |       5538 |           scipy.fft._realtransforms
import time:       571 |        571 |             scipy.fft._fftlog_backend
import time:      2114 |       2685 |           scipy.fft._fftlog
import time:      1299 |       1299 |                 scipy.fft._pocketfft.pypocketfft
import time:       600 |        600 |                 scipy.fft._pocketfft.helper
import time:       385 |       2283 |               scipy.fft._pocketfft.basic
import time:       222 |        222 |               scipy.fft._pocketfft.realtransforms
import time:       231 |       2735 |             scipy.fft._pocketfft
import time:      3087 |       5822 |           scipy.fft._helper
import time:       240 |        240 |             scipy.fft._basic_backend
import time:       203 |        203 |             scipy.fft._realtransforms_backend
import time:      1316 |       1757 |           scipy.fft._backend
import time:     16045 |     178243 |         scipy.signal.windows._windows
import time:      1300 |       1300 |         scipy.signal.windows.windows
import time:       293 |     179835 |       scipy.signal.windows
import time:       302 |        302 |       scipy.signal._waveforms
import time:       874 |        874 |         scipy.signal._max_len_seq_inner
import time:       227 |       1101 |       scipy.signal._max_len_seq
import time:      1038 |       1038 |         scipy.signal._upfirdn_apply
import time:       265 |       1303 |       scipy.signal._upfirdn
import time:       754 |        754 |       scipy.signal._spline
import time:       405 |        405 |           timeit
import time:       504 |        504 |                     scipy.sparse._sputils
import time:       252 |        252 |                     scipy.sparse._matrix
import time:       938 |       1694 |                   scipy.sparse._base
import time:      1230 |       1230 |                     scipy.sparse._sparsetools
import time:       427 |        427 |                       scipy.sparse._data
import time:       373 |        373 |                       scipy.sparse._index
import time:       681 |       1480 |                     scipy.sparse._compressed
import time:       482 |       3191 |                   scipy.sparse._csr
import time:       351 |        351 |                   scipy.sparse._csc
import time:      1463 |       1463 |                     scipy.sparse._csparsetools
import time:       468 |       1930 |                   scipy.sparse._lil
import time:       606 |        606 |                   scipy.sparse._dok
import time:      1583 |       1583 |                   scipy.sparse._coo
import time:       471 |        471 |                   scipy.sparse._dia
import time:       542 |        542 |                   scipy.sparse._bsr
import time:      2208 |       2208 |                   scipy.sparse._construct
import time:       218 |        218 |                   scipy.sparse._extract
import time:       189 |        189 |                   scipy.sparse._matrix_io
import time:       157 |        157 |                   scipy.sparse.base
import time:       170 |        170 |                   scipy.sparse.bsr
import time:       214 |        214 |                   scipy.sparse.compressed
import time:       180 |        180 |                   scipy.sparse.construct
import time:       166 |        166 |                   scipy.sparse.coo
import time:       162 |        162 |                   scipy.sparse.csc
import time:       162 |        162 |                   scipy.sparse.csr
import time:       171 |        171 |                   scipy.sparse.data
import time:       160 |        160 |                   scipy.sparse.dia
import time:       167 |        167 |                   scipy.sparse.dok
import time:       159 |        159 |                   scipy.sparse.extract
import time:       162 |        162 |                   scipy.sparse.lil
import time:       158 |        158 |                   scipy.sparse.sparsetools
import time:       158 |        158 |                   scipy.sparse.sputils
import time:      1012 |      16331 |                 scipy.sparse
import time:      1449 |      17779 |               scipy.spatial._ckdtree
import time:       484 |      18263 |             scipy.spatial._kdtree
import time:       951 |        951 |               scipy._lib.messagestream
import time:      1578 |       2529 |             scipy.spatial._qhull
import time:      1008 |       1008 |               scipy.spatial._voronoi
import time:       344 |       1352 |             scipy.spatial._spherical_voronoi
import time:       240 |        240 |             scipy.spatial._plotutils
import time:       320 |        320 |             scipy.spatial._procrustes
import time:       887 |        887 |                 scipy.spatial._hausdorff
import time:      1399 |       1399 |                 scipy.spatial._distance_pybind
import time:       761 |        761 |                 scipy.spatial._distance_wrap
import time:      4868 |       7914 |               scipy.spatial.distance
import time:       225 |       8138 |             scipy.spatial._geometric_slerp
import time:       218 |        218 |             scipy.spatial.ckdtree
import time:       169 |        169 |             scipy.spatial.kdtree
import time:       159 |        159 |             scipy.spatial.qhull
import time:      1447 |       1447 |                 scipy.spatial.transform._rotation_cy
import time:       596 |        596 |                 scipy.spatial.transform._rotation_xp
import time:      6511 |       6511 |                     scipy.constants._codata
import time:      1189 |       1189 |                     scipy.constants._constants
import time:       183 |        183 |                     scipy.constants.codata
import time:       219 |        219 |                     scipy.constants.constants
import time:      1910 |      10010 |                   scipy.constants
import time:       261 |      10271 |                 scipy.spatial.transform._rotation_groups
import time:     12511 |      24823 |               scipy.spatial.transform._rotation
import time:      1020 |       1020 |                 scipy.spatial.transform._rigid_transform_cy
import time:       404 |        404 |                 scipy.spatial.transform._rigid_transform_xp
import time:      8454 |       9876 |               scipy.spatial.transform._rigid_transform
import time:       311 |        311 |               scipy.spatial.transform._rotation_spline
import time:       172 |        172 |               scipy.spatial.transform.rotation
import time:       285 |      35465 |             scipy.spatial.transform
import time:       420 |      67267 |           scipy.spatial
import time:       901 |        901 |                     scipy.interpolate._fitpack
import time:      1052 |       1052 |                     scipy.interpolate._dfitpack
import time:      1615 |       3567 |                   scipy.interpolate._fitpack_impl
import time:       674 |        674 |                               scipy.sparse.linalg._interface
import time:       210 |        210 |                               scipy.sparse.linalg._isolve.utils
import time:       425 |       1307 |                             scipy.sparse.linalg._isolve.iterative
import time:       232 |        232 |                             scipy.sparse.linalg._isolve.minres
import time:       246 |        246 |                               scipy.sparse.linalg._isolve._gcrotmk
import time:       212 |        457 |                             scipy.sparse.linalg._isolve.lgmres
import time:       234 |        234 |                             scipy.sparse.linalg._isolve.lsqr
import time:      1098 |       1098 |                             scipy.sparse.linalg._isolve.lsmr
import time:       227 |        227 |                             scipy.sparse.linalg._isolve.tfqmr
import time:       397 |       3950 |                           scipy.sparse.linalg._isolve
import time:       940 |        940 |                               scipy.sparse.linalg._dsolve._superlu
import time:       135 |        135 |                                 scikits
import time:        38 |        172 |                               scikits.umfpack
import time:       469 |       1580 |                             scipy.sparse.linalg._dsolve.linsolve
import time:       220 |        220 |                             scipy.sparse.linalg._dsolve._add_newdocs
import time:       287 |       2086 |                           scipy.sparse.linalg._dsolve
import time:       885 |        885 |                                 scipy.sparse.linalg._eigen.arpack._arpacklib
import time:       837 |       1721 |                               scipy.sparse.linalg._eigen.arpack.arpack
import time:       269 |       1990 |                             scipy.sparse.linalg._eigen.arpack
import time:       428 |        428 |                               scipy.sparse.linalg._eigen.lobpcg.lobpcg
import time:       226 |        654 |                             scipy.sparse.linalg._eigen.lobpcg
import time:       872 |        872 |                                 scipy.sparse.linalg._propack
import time:       282 |       1154 |                               scipy.sparse.linalg._svdp
import time:      1812 |       2965 |                             scipy.sparse.linalg._eigen._svds
import time:       276 |       5883 |                           scipy.sparse.linalg._eigen
import time:       253 |        253 |                               scipy.sparse.linalg._onenormest
import time:       428 |        680 |                             scipy.sparse.linalg._expm_multiply
import time:       558 |       1238 |                           scipy.sparse.linalg._matfuncs
import time:       223 |        223 |                           scipy.sparse.linalg._norm
import time:       338 |        338 |                           scipy.sparse.linalg._funm_multiply_krylov
import time:       438 |        438 |                           scipy.sparse.linalg._special_sparse_arrays
import time:       185 |        185 |                           scipy.sparse.linalg.isolve
import time:       163 |        163 |                           scipy.sparse.linalg.dsolve
import time:       163 |        163 |                           scipy.sparse.linalg.interface
import time:       181 |        181 |                           scipy.sparse.linalg.eigen
import time:       153 |        153 |                           scipy.sparse.linalg.matfuncs
import time:       575 |      15569 |                         scipy.sparse.linalg
import time:       247 |        247 |                           scipy.optimize._dcsrch
import time:       324 |        570 |                         scipy.optimize._linesearch
import time:      1028 |       1028 |                           scipy.optimize._group_columns
import time:       399 |       1426 |                         scipy.optimize._numdiff
import time:       476 |        476 |                           scipy.optimize._hessian_update_strategy
import time:       494 |        969 |                         scipy.optimize._differentiable_functions
import time:      4008 |      22539 |                       scipy.optimize._optimize
import time:       267 |        267 |                           scipy.optimize._trustregion
import time:       234 |        500 |                         scipy.optimize._trustregion_dogleg
import time:       213 |        213 |                         scipy.optimize._trustregion_ncg
import time:      1248 |       1248 |                             scipy.optimize._trlib._trlib
import time:       210 |       1458 |                           scipy.optimize._trlib
import time:       184 |       1641 |                         scipy.optimize._trustregion_krylov
import time:       284 |        284 |                         scipy.optimize._trustregion_exact
import time:       469 |        469 |                             scipy.optimize._constraints
import time:       328 |        328 |                                   sksparse
import time:        41 |        368 |                                 sksparse.cholmod
import time:       262 |        630 |                               scipy.optimize._trustregion_constr.projections
import time:       249 |        249 |                               scipy.optimize._trustregion_constr.qp_subproblem
import time:       248 |       1125 |                             scipy.optimize._trustregion_constr.equality_constrained_sqp
import time:       297 |        297 |                             scipy.optimize._trustregion_constr.canonical_constraint
import time:       278 |        278 |                             scipy.optimize._trustregion_constr.tr_interior_point
import time:       278 |        278 |                             scipy.optimize._trustregion_constr.report
import time:       520 |       2964 |                           scipy.optimize._trustregion_constr.minimize_trustregion_constr
import time:       207 |       3171 |                         scipy.optimize._trustregion_constr
import time:       809 |        809 |                           scipy.optimize._lbfgsb
import time:       348 |       1156 |                         scipy.optimize._lbfgsb_py
import time:      1066 |       1066 |                           scipy.optimize._moduleTNC
import time:       294 |       1360 |                         scipy.optimize._tnc
import time:       372 |        372 |                         scipy.optimize._cobyla_py
import time:       197 |        197 |                         scipy.optimize._cobyqa_py
import time:      1250 |       1250 |                           scipy.optimize._slsqplib
import time:       347 |       1597 |                         scipy.optimize._slsqp_py
import time:       568 |      11054 |                       scipy.optimize._minimize
import time:       842 |        842 |                           scipy.optimize._minpack
import time:       350 |        350 |                                 scipy.optimize._lsq.common
import time:       304 |        654 |                               scipy.optimize._lsq.trf
import time:       256 |        256 |                               scipy.optimize._lsq.dogbox
import time:       501 |       1409 |                             scipy.optimize._lsq.least_squares
import time:       983 |        983 |                                 scipy.optimize._lsq.givens_elimination
import time:       554 |       1536 |                               scipy.optimize._lsq.trf_linear
import time:       267 |        267 |                               scipy.optimize._lsq.bvls
import time:       818 |       2620 |                             scipy.optimize._lsq.lsq_linear
import time:       210 |       4239 |                           scipy.optimize._lsq
import time:       533 |       5612 |                         scipy.optimize._minpack_py
import time:       269 |        269 |                         scipy.optimize._spectral
import time:      2397 |       2397 |                         scipy.optimize._nonlin
import time:       373 |       8650 |                       scipy.optimize._root
import time:       873 |        873 |                           scipy.optimize._zeros
import time:       489 |       1362 |                         scipy.optimize._zeros_py
import time:       316 |       1678 |                       scipy.optimize._root_scalar
import time:       822 |        822 |                       scipy.optimize._nnls
import time:      2065 |       2065 |                       scipy.optimize._basinhopping
import time:       186 |        186 |                             scipy.optimize._highspy
import time:      9384 |       9384 |                             scipy.optimize._highspy._core
import time:      1387 |       1387 |                             scipy.optimize._highspy._highs_options
import time:       495 |      11449 |                           scipy.optimize._highspy._highs_wrapper
import time:       276 |      11725 |                         scipy.optimize._linprog_highs
import time:      1384 |       1384 |                                 scipy.linalg._decomp_interpolative
import time:       275 |       1659 |                               scipy.linalg.interpolative
import time:       260 |       1919 |                             scipy.optimize._remove_redundancy
import time:       551 |       2470 |                           scipy.optimize._linprog_util
import time:       154 |        154 |                           sksparse
import time:       118 |        118 |                             scikits
import time:        34 |        152 |                           scikits.umfpack
import time:       397 |       3171 |                         scipy.optimize._linprog_ip
import time:       242 |        242 |                         scipy.optimize._linprog_simplex
import time:      1172 |       1172 |                           scipy.optimize._bglu_dense
import time:       292 |       1463 |                         scipy.optimize._linprog_rs
import time:       243 |        243 |                         scipy.optimize._linprog_doc
import time:       421 |      17263 |                       scipy.optimize._linprog
import time:      1032 |       1032 |                       scipy.optimize._lsap
import time:      3753 |       3753 |                       scipy.optimize._differentialevolution
import time:      1834 |       1834 |                         scipy.optimize._pava_pybind
import time:       263 |       2096 |                       scipy.optimize._isotonic
import time:       188 |        188 |                           scipy.optimize._shgo_lib
import time:      1730 |       1730 |                             _decimal
import time:       317 |       2046 |                           decimal
import time:       500 |        500 |                           scipy.optimize._shgo_lib._vertex
import time:       474 |       3206 |                         scipy.optimize._shgo_lib._complex
import time:       664 |       3869 |                       scipy.optimize._shgo
import time:      1623 |       1623 |                       scipy.optimize._dual_annealing
import time:       324 |        324 |                       scipy.optimize._qap
import time:       957 |        957 |                         scipy.optimize._direct
import time:       390 |       1347 |                       scipy.optimize._direct_py
import time:       259 |        259 |                       scipy.optimize._milp
import time:       164 |        164 |                       scipy.optimize.cobyla
import time:       165 |        165 |                       scipy.optimize.lbfgsb
import time:       159 |        159 |                       scipy.optimize.linesearch
import time:       161 |        161 |                       scipy.optimize.minpack
import time:       158 |        158 |                       scipy.optimize.minpack2
import time:       150 |        150 |                       scipy.optimize.moduleTNC
import time:       153 |        153 |                       scipy.optimize.nonlin
import time:       155 |        155 |                       scipy.optimize.optimize
import time:       157 |        157 |                       scipy.optimize.slsqp
import time:       232 |        232 |                       scipy.optimize.tnc
import time:       168 |        168 |                       scipy.optimize.zeros
import time:       805 |      80987 |                     scipy.optimize
import time:      1272 |       1272 |                     scipy.interpolate._dierckx
import time:      3546 |      85804 |                   scipy.interpolate._bsplines
import time:      6058 |      95427 |                 scipy.interpolate._fitpack_py
import time:       574 |        574 |                 scipy.interpolate._polyint
import time:      1229 |       1229 |                 scipy.interpolate._ppoly
import time:      1241 |       1241 |                 scipy.interpolate._interpnd
import time:      2659 |     101128 |               scipy.interpolate._interpolate
import time:      7050 |       7050 |               scipy.interpolate._fitpack2
import time:      1682 |       1682 |               scipy.interpolate._rbf
import time:       164 |        164 |                   scipy.interpolate._rbfinterp_common
import time:      1044 |       1044 |                   scipy.interpolate._rbfinterp_pythran
import time:       244 |       1451 |                 scipy.interpolate._rbfinterp_np
import time:       234 |        234 |                 scipy.interpolate._rbfinterp_xp
import time:      1396 |       3080 |               scipy.interpolate._rbfinterp
import time:      3682 |       3682 |               scipy.interpolate._cubic
import time:       312 |        312 |               scipy.interpolate._ndgriddata
import time:      3183 |       3183 |               scipy.interpolate._fitpack_repro
import time:       276 |        276 |               scipy.interpolate._pade
import time:      1126 |       1126 |                 scipy.interpolate._rgi_cython
import time:       865 |        865 |                 scipy.interpolate._ndbspline
import time:      1726 |       3717 |               scipy.interpolate._rgi
import time:       397 |        397 |               scipy.interpolate._bary_rational
import time:       184 |        184 |               scipy.interpolate.fitpack
import time:       171 |        171 |               scipy.interpolate.fitpack2
import time:       174 |        174 |               scipy.interpolate.interpolate
import time:       161 |        161 |               scipy.interpolate.ndgriddata
import time:       158 |        158 |               scipy.interpolate.polyint
import time:       274 |        274 |               scipy.interpolate.rbf
import time:       694 |        694 |               scipy.interpolate.interpnd
import time:       743 |     127057 |             scipy.interpolate
import time:      1261 |       1261 |               cmath
import time:       227 |        227 |               scipy.signal._arraytools
import time:       271 |        271 |               scipy.signal._polyutils
import time:      1439 |       3196 |             scipy.signal._filter_design
import time:       308 |        308 |             scipy.signal._lti_conversion
import time:       927 |     131486 |           scipy.signal._ltisys
import time:       293 |        293 |                 scipy.ndimage._ni_support
import time:       979 |        979 |                 scipy.ndimage._nd_image
import time:       313 |        313 |                 scipy.ndimage._ni_docstrings
import time:       940 |        940 |                 scipy.ndimage._rank_filter_1d
import time:      2290 |       4813 |               scipy.ndimage._filters
import time:       264 |        264 |               scipy.ndimage._fourier
import time:      1073 |       1073 |               scipy.ndimage._interpolation
import time:      1276 |       1276 |                 scipy.ndimage._ni_label
import time:       427 |        427 |                 scipy.ndimage._morphology
import time:       453 |       2155 |               scipy.ndimage._measurements
import time:       283 |       8586 |             scipy.ndimage._ndimage_api
import time:       281 |        281 |             scipy.ndimage._delegators
import time:     48644 |      57510 |           scipy.ndimage._support_alternative_backends
import time:       207 |        207 |           scipy.ndimage.filters
import time:       162 |        162 |           scipy.ndimage.fourier
import time:       159 |        159 |           scipy.ndimage.interpolation
import time:       157 |        157 |           scipy.ndimage.measurements
import time:       157 |        157 |           scipy.ndimage.morphology
import time:       378 |        378 |           scipy.signal._fir_filter_design
import time:      1108 |       1108 |           scipy.signal._sosfilt
import time:      1339 |     260330 |         scipy.signal._signaltools
import time:       389 |     260718 |       scipy.signal._spline_filters
import time:       265 |        265 |       scipy.signal._savitzky_golay
import time:      1814 |       1814 |         scipy.signal._short_time_fft
import time:      1493 |       3306 |       scipy.signal._spectral_py
import time:       299 |        299 |         scipy.signal._wavelets
import time:       639 |        639 |           scipy.stats._warnings_errors
import time:      1299 |       1299 |                 scipy.stats._distr_params
import time:      4967 |       4967 |                 scipy.integrate._quadrature
import time:      1130 |       1130 |                   scipy.integrate._odepack
import time:      1671 |       2801 |                 scipy.integrate._odepack_py
import time:      1879 |       1879 |                   scipy.integrate._quadpack
import time:      4942 |       6820 |                 scipy.integrate._quadpack_py
import time:      1041 |       1041 |                   scipy.integrate._vode
import time:       953 |        953 |                   scipy.integrate._dop
import time:     13157 |      15150 |                 scipy.integrate._ode
import time:      2007 |       2007 |                 scipy.integrate._bvp
import time:       297 |        297 |                       scipy.integrate._ivp.common
import time:       285 |        285 |                       scipy.integrate._ivp.base
import time:       418 |        999 |                     scipy.integrate._ivp.bdf
import time:       378 |        378 |                     scipy.integrate._ivp.radau
import time:       237 |        237 |                       scipy.integrate._ivp.dop853_coefficients
import time:       558 |        795 |                     scipy.integrate._ivp.rk
import time:       268 |        268 |                     scipy.integrate._ivp.lsoda
import time:      3080 |       5518 |                   scipy.integrate._ivp.ivp
import time:       232 |       5749 |                 scipy.integrate._ivp
import time:      1165 |       1165 |                 scipy.integrate._quad_vec
import time:       240 |        240 |                   scipy._lib._elementwise_iterative_method
import time:      4279 |       4518 |                 scipy.integrate._tanhsinh
import time:       411 |        411 |                     scipy.integrate._rules._base
import time:       253 |        253 |                     scipy.integrate._rules._genz_malik
import time:       314 |        314 |                       scipy.integrate._rules._gauss_legendre
import time:       230 |        543 |                     scipy.integrate._rules._gauss_kronrod
import time:       286 |       1492 |                   scipy.integrate._rules
import time:      3022 |       4513 |                 scipy.integrate._cubature
import time:       940 |        940 |                 scipy.integrate._lebedev
import time:       184 |        184 |                 scipy.integrate.dop
import time:       169 |        169 |                 scipy.integrate.lsoda
import time:       164 |        164 |                 scipy.integrate.vode
import time:       153 |        153 |                 scipy.integrate.odepack
import time:       153 |        153 |                 scipy.integrate.quadpack
import time:       184 |        184 |                 scipy.stats._finite_differences
import time:       202 |        202 |                 scipy.stats._constants
import time:       268 |        268 |                 scipy.stats._censored_data
import time:      2389 |      53786 |               scipy.stats._distn_infrastructure
import time:      3275 |       3275 |                   scipy.special.cython_special
import time:      1424 |       4699 |                 scipy.stats._stats
import time:       438 |        438 |                 scipy.stats._tukeylambda_stats
import time:       360 |        360 |                 scipy.stats._ksstats
import time:     76845 |      82341 |               scipy.stats._continuous_distns
import time:      1385 |       1385 |                 scipy.stats._biasedurn
import time:      1239 |       1239 |                 scipy.stats._stats_pythran
import time:     14939 |      17562 |               scipy.stats._discrete_distns
import time:      2053 |       2053 |                 scipy.stats._levy_stable.levyst
import time:      2462 |       4515 |               scipy.stats._levy_stable
import time:       382 |        382 |                 scipy.stats._axis_nan_policy
import time:      3894 |       4276 |               scipy.stats._entropy
import time:       512 |     162989 |             scipy.stats.distributions
import time:       228 |        228 |               scipy._lib._bunch
import time:      4001 |       4001 |               scipy.stats._stats_mstats_common
import time:      2374 |       6602 |             scipy.stats._mstats_basic
import time:       295 |        295 |               scipy.stats._common
import time:     14611 |      14906 |             scipy.stats._resampling
import time:       823 |        823 |             scipy.stats._binomtest
import time:     85543 |     270860 |           scipy.stats._stats_py
import time:      1465 |       1465 |           scipy.stats._variation
import time:      1426 |       1426 |             scipy.stats._ansari_swilk_statistics
import time:     13124 |      13124 |               scipy.stats._hypotests
import time:       479 |      13602 |             scipy.stats._wilcoxon
import time:      7670 |       7670 |             scipy.stats._fit
import time:       785 |        785 |               scipy.stats._relative_risk
import time:       537 |        537 |               scipy.stats._crosstab
import time:       294 |        294 |               scipy.stats._odds_ratio
import time:      4006 |       5620 |             scipy.stats.contingency
import time:     35285 |      63601 |           scipy.stats._morestats
import time:       366 |        366 |                 scipy.sparse.csgraph._laplacian
import time:      1322 |       1322 |                     scipy.sparse.csgraph._tools
import time:       270 |       1592 |                   scipy.sparse.csgraph._validation
import time:      1612 |       3203 |                 scipy.sparse.csgraph._shortest_path
import time:      1314 |       1314 |                 scipy.sparse.csgraph._traversal
import time:      1157 |       1157 |                 scipy.sparse.csgraph._min_spanning_tree
import time:      1250 |       1250 |                 scipy.sparse.csgraph._flow
import time:      1903 |       1903 |                 scipy.sparse.csgraph._matching
import time:      1862 |       1862 |                 scipy.sparse.csgraph._reordering
import time:       473 |      11524 |               scipy.sparse.csgraph
import time:      1447 |       1447 |               scipy.stats._sobol
import time:      1283 |       1283 |               scipy.stats._qmc_cy
import time:      1581 |      15833 |             scipy.stats._qmc
import time:      2082 |      17914 |           scipy.stats._multicomp
import time:      3501 |       3501 |           scipy.stats._binned_statistic
import time:       459 |        459 |               scipy.stats._covariance
import time:      1216 |       1216 |                 scipy.stats._rcont.rcont
import time:       221 |       1436 |               scipy.stats._rcont
import time:      1851 |       1851 |                 scipy.stats._qmvnt_cy
import time:       310 |       2161 |               scipy.stats._qmvnt
import time:      5627 |       9682 |             scipy.stats._multivariate
import time:       422 |      10103 |           scipy.stats._kde
import time:       322 |        322 |             scipy.stats._mstats_extras
import time:       293 |        614 |           scipy.stats.mstats
import time:       184 |        184 |           scipy.stats.qmc
import time:      2322 |       2322 |           scipy.stats._page_trend_test
import time:      2941 |       2941 |           scipy.stats._mannwhitneyu
import time:      1150 |       1150 |           scipy.stats._bws_test
import time:      3285 |       3285 |           scipy.stats._sensitivity_analysis
import time:      4043 |       4043 |           scipy.stats._survival
import time:       326 |        326 |             scipy.optimize._bracket
import time:       280 |        280 |             scipy.optimize._chandrupatla
import time:       353 |        353 |             scipy.stats._probability_distribution
import time:      5852 |       6810 |           scipy.stats._distribution_infrastructure
import time:     21413 |      21413 |           scipy.stats._new_distributions
import time:      1764 |       1764 |           scipy.stats._mgc
import time:      4798 |       4798 |           scipy.stats._correlation
import time:      1749 |       1749 |           scipy.stats._quantile
import time:       207 |        207 |           scipy.stats.biasedurn
import time:       172 |        172 |           scipy.stats.kde
import time:       177 |        177 |           scipy.stats.morestats
import time:       187 |        187 |           scipy.stats.mstats_basic
import time:       165 |        165 |           scipy.stats.mstats_extras
import time:       159 |        159 |           scipy.stats.mvn
import time:       186 |        186 |           scipy.stats.stats
import time:      1243 |     421639 |         scipy.stats
import time:      1256 |       1256 |         scipy.signal._peak_finding_utils
import time:       396 |     423590 |       scipy.signal._peak_finding
import time:       284 |        284 |       scipy.signal._czt
import time:       550 |     872635 |     scipy.signal._signal_api
import time:       554 |        554 |     scipy.signal._delegators
import time:    102891 |    1241443 |   scipy.signal._support_alternative_backends
import time:       258 |        258 |   scipy.signal.bsplines
import time:       207 |        207 |   scipy.signal.filter_design
import time:       210 |        210 |   scipy.signal.fir_filter_design
import time:       191 |        191 |   scipy.signal.lti_conversion
import time:       164 |        164 |   scipy.signal.ltisys
import time:       155 |        155 |   scipy.signal.spectral
import time:       164 |        164 |   scipy.signal.signaltools
import time:       198 |        198 |   scipy.signal.waveforms
import time:       156 |        156 |   scipy.signal.wavelets
import time:       152 |        152 |   scipy.signal.spline
import time:       530 |    1387905 | scipy.signal
